// Jest Snapshot v1, https://goo.gl/fbAQLP

exports[`Calendar tests Should render 1`] = `
<div
  className="rdrCalendarWrapper"
  onMouseLeave={[Function]}
  onMouseUp={[Function]}
>
  <div
    className="rdrDateDisplayWrapper"
  />
  <div
    className="rdrMonthAndYearWrapper"
    onMouseUp={[Function]}
  >
    <button
      aria-label="previous month button"
      className="rdrNextPrevButton rdrPprevButton"
      onClick={[Function]}
      type="button"
    >
      <i />
    </button>
    <span
      className="rdrMonthAndYearPickers"
    >
      <span
        className="rdrMonthPicker"
      >
        <select
          aria-label="month picker"
          onChange={[Function]}
          value={9}
        >
          <option
            key="0"
            value={0}
          >
            January
          </option>
          <option
            key="1"
            value={1}
          >
            February
          </option>
          <option
            key="2"
            value={2}
          >
            March
          </option>
          <option
            key="3"
            value={3}
          >
            April
          </option>
          <option
            key="4"
            value={4}
          >
            May
          </option>
          <option
            key="5"
            value={5}
          >
            June
          </option>
          <option
            key="6"
            value={6}
          >
            July
          </option>
          <option
            key="7"
            value={7}
          >
            August
          </option>
          <option
            key="8"
            value={8}
          >
            September
          </option>
          <option
            key="9"
            value={9}
          >
            October
          </option>
          <option
            key="10"
            value={10}
          >
            November
          </option>
          <option
            key="11"
            value={11}
          >
            December
          </option>
        </select>
      </span>
      <span
        className="rdrMonthAndYearDivider"
      />
      <span
        className="rdrYearPicker"
      >
        <select
          aria-label="year picker"
          onChange={[Function]}
          value={2021}
        >
          <option
            key="2041"
            value={2041}
          >
            2041
          </option>
          <option
            key="2040"
            value={2040}
          >
            2040
          </option>
          <option
            key="2039"
            value={2039}
          >
            2039
          </option>
          <option
            key="2038"
            value={2038}
          >
            2038
          </option>
          <option
            key="2037"
            value={2037}
          >
            2037
          </option>
          <option
            key="2036"
            value={2036}
          >
            2036
          </option>
          <option
            key="2035"
            value={2035}
          >
            2035
          </option>
          <option
            key="2034"
            value={2034}
          >
            2034
          </option>
          <option
            key="2033"
            value={2033}
          >
            2033
          </option>
          <option
            key="2032"
            value={2032}
          >
            2032
          </option>
          <option
            key="2031"
            value={2031}
          >
            2031
          </option>
          <option
            key="2030"
            value={2030}
          >
            2030
          </option>
          <option
            key="2029"
            value={2029}
          >
            2029
          </option>
          <option
            key="2028"
            value={2028}
          >
            2028
          </option>
          <option
            key="2027"
            value={2027}
          >
            2027
          </option>
          <option
            key="2026"
            value={2026}
          >
            2026
          </option>
          <option
            key="2025"
            value={2025}
          >
            2025
          </option>
          <option
            key="2024"
            value={2024}
          >
            2024
          </option>
          <option
            key="2023"
            value={2023}
          >
            2023
          </option>
          <option
            key="2022"
            value={2022}
          >
            2022
          </option>
          <option
            key="2021"
            value={2021}
          >
            2021
          </option>
          <option
            key="2020"
            value={2020}
          >
            2020
          </option>
          <option
            key="2019"
            value={2019}
          >
            2019
          </option>
          <option
            key="2018"
            value={2018}
          >
            2018
          </option>
          <option
            key="2017"
            value={2017}
          >
            2017
          </option>
          <option
            key="2016"
            value={2016}
          >
            2016
          </option>
          <option
            key="2015"
            value={2015}
          >
            2015
          </option>
          <option
            key="2014"
            value={2014}
          >
            2014
          </option>
          <option
            key="2013"
            value={2013}
          >
            2013
          </option>
          <option
            key="2012"
            value={2012}
          >
            2012
          </option>
          <option
            key="2011"
            value={2011}
          >
            2011
          </option>
          <option
            key="2010"
            value={2010}
          >
            2010
          </option>
          <option
            key="2009"
            value={2009}
          >
            2009
          </option>
          <option
            key="2008"
            value={2008}
          >
            2008
          </option>
          <option
            key="2007"
            value={2007}
          >
            2007
          </option>
          <option
            key="2006"
            value={2006}
          >
            2006
          </option>
          <option
            key="2005"
            value={2005}
          >
            2005
          </option>
          <option
            key="2004"
            value={2004}
          >
            2004
          </option>
          <option
            key="2003"
            value={2003}
          >
            2003
          </option>
          <option
            key="2002"
            value={2002}
          >
            2002
          </option>
          <option
            key="2001"
            value={2001}
          >
            2001
          </option>
          <option
            key="2000"
            value={2000}
          >
            2000
          </option>
          <option
            key="1999"
            value={1999}
          >
            1999
          </option>
          <option
            key="1998"
            value={1998}
          >
            1998
          </option>
          <option
            key="1997"
            value={1997}
          >
            1997
          </option>
          <option
            key="1996"
            value={1996}
          >
            1996
          </option>
          <option
            key="1995"
            value={1995}
          >
            1995
          </option>
          <option
            key="1994"
            value={1994}
          >
            1994
          </option>
          <option
            key="1993"
            value={1993}
          >
            1993
          </option>
          <option
            key="1992"
            value={1992}
          >
            1992
          </option>
          <option
            key="1991"
            value={1991}
          >
            1991
          </option>
          <option
            key="1990"
            value={1990}
          >
            1990
          </option>
          <option
            key="1989"
            value={1989}
          >
            1989
          </option>
          <option
            key="1988"
            value={1988}
          >
            1988
          </option>
          <option
            key="1987"
            value={1987}
          >
            1987
          </option>
          <option
            key="1986"
            value={1986}
          >
            1986
          </option>
          <option
            key="1985"
            value={1985}
          >
            1985
          </option>
          <option
            key="1984"
            value={1984}
          >
            1984
          </option>
          <option
            key="1983"
            value={1983}
          >
            1983
          </option>
          <option
            key="1982"
            value={1982}
          >
            1982
          </option>
          <option
            key="1981"
            value={1981}
          >
            1981
          </option>
          <option
            key="1980"
            value={1980}
          >
            1980
          </option>
          <option
            key="1979"
            value={1979}
          >
            1979
          </option>
          <option
            key="1978"
            value={1978}
          >
            1978
          </option>
          <option
            key="1977"
            value={1977}
          >
            1977
          </option>
          <option
            key="1976"
            value={1976}
          >
            1976
          </option>
          <option
            key="1975"
            value={1975}
          >
            1975
          </option>
          <option
            key="1974"
            value={1974}
          >
            1974
          </option>
          <option
            key="1973"
            value={1973}
          >
            1973
          </option>
          <option
            key="1972"
            value={1972}
          >
            1972
          </option>
          <option
            key="1971"
            value={1971}
          >
            1971
          </option>
          <option
            key="1970"
            value={1970}
          >
            1970
          </option>
          <option
            key="1969"
            value={1969}
          >
            1969
          </option>
          <option
            key="1968"
            value={1968}
          >
            1968
          </option>
          <option
            key="1967"
            value={1967}
          >
            1967
          </option>
          <option
            key="1966"
            value={1966}
          >
            1966
          </option>
          <option
            key="1965"
            value={1965}
          >
            1965
          </option>
          <option
            key="1964"
            value={1964}
          >
            1964
          </option>
          <option
            key="1963"
            value={1963}
          >
            1963
          </option>
          <option
            key="1962"
            value={1962}
          >
            1962
          </option>
          <option
            key="1961"
            value={1961}
          >
            1961
          </option>
          <option
            key="1960"
            value={1960}
          >
            1960
          </option>
          <option
            key="1959"
            value={1959}
          >
            1959
          </option>
          <option
            key="1958"
            value={1958}
          >
            1958
          </option>
          <option
            key="1957"
            value={1957}
          >
            1957
          </option>
          <option
            key="1956"
            value={1956}
          >
            1956
          </option>
          <option
            key="1955"
            value={1955}
          >
            1955
          </option>
          <option
            key="1954"
            value={1954}
          >
            1954
          </option>
          <option
            key="1953"
            value={1953}
          >
            1953
          </option>
          <option
            key="1952"
            value={1952}
          >
            1952
          </option>
          <option
            key="1951"
            value={1951}
          >
            1951
          </option>
          <option
            key="1950"
            value={1950}
          >
            1950
          </option>
          <option
            key="1949"
            value={1949}
          >
            1949
          </option>
          <option
            key="1948"
            value={1948}
          >
            1948
          </option>
          <option
            key="1947"
            value={1947}
          >
            1947
          </option>
          <option
            key="1946"
            value={1946}
          >
            1946
          </option>
          <option
            key="1945"
            value={1945}
          >
            1945
          </option>
          <option
            key="1944"
            value={1944}
          >
            1944
          </option>
          <option
            key="1943"
            value={1943}
          >
            1943
          </option>
          <option
            key="1942"
            value={1942}
          >
            1942
          </option>
          <option
            key="1941"
            value={1941}
          >
            1941
          </option>
          <option
            key="1940"
            value={1940}
          >
            1940
          </option>
          <option
            key="1939"
            value={1939}
          >
            1939
          </option>
          <option
            key="1938"
            value={1938}
          >
            1938
          </option>
          <option
            key="1937"
            value={1937}
          >
            1937
          </option>
          <option
            key="1936"
            value={1936}
          >
            1936
          </option>
          <option
            key="1935"
            value={1935}
          >
            1935
          </option>
          <option
            key="1934"
            value={1934}
          >
            1934
          </option>
          <option
            key="1933"
            value={1933}
          >
            1933
          </option>
          <option
            key="1932"
            value={1932}
          >
            1932
          </option>
          <option
            key="1931"
            value={1931}
          >
            1931
          </option>
          <option
            key="1930"
            value={1930}
          >
            1930
          </option>
          <option
            key="1929"
            value={1929}
          >
            1929
          </option>
          <option
            key="1928"
            value={1928}
          >
            1928
          </option>
          <option
            key="1927"
            value={1927}
          >
            1927
          </option>
          <option
            key="1926"
            value={1926}
          >
            1926
          </option>
          <option
            key="1925"
            value={1925}
          >
            1925
          </option>
          <option
            key="1924"
            value={1924}
          >
            1924
          </option>
          <option
            key="1923"
            value={1923}
          >
            1923
          </option>
          <option
            key="1922"
            value={1922}
          >
            1922
          </option>
          <option
            key="1921"
            value={1921}
          >
            1921
          </option>
        </select>
      </span>
    </span>
    <button
      aria-label="next month button"
      className="rdrNextPrevButton rdrNextButton"
      onClick={[Function]}
      type="button"
    >
      <i />
    </button>
  </div>
  <div
    className="rdrMonths rdrMonthsVertical"
  >
    <Month
      ariaLabels={
        Object {
          "monthPicker": "month picker",
          "nextButton": "next month button",
          "prevButton": "previous month button",
          "yearPicker": "year picker",
        }
      }
      calendarFocus="forwards"
      classNames={Object {}}
      color="#3d91ff"
      date={2021-10-17T11:38:00.056Z}
      dateDisplayFormat="MMM d, yyyy"
      dateOptions={
        Object {
          "locale": Object {
            "code": "en-US",
            "formatDistance": [Function],
            "formatLong": Object {
              "date": [Function],
              "dateTime": [Function],
              "time": [Function],
            },
            "formatRelative": [Function],
            "localize": Object {
              "day": [Function],
              "dayPeriod": [Function],
              "era": [Function],
              "month": [Function],
              "ordinalNumber": [Function],
              "quarter": [Function],
            },
            "match": Object {
              "day": [Function],
              "dayPeriod": [Function],
              "era": [Function],
              "month": [Function],
              "ordinalNumber": [Function],
              "quarter": [Function],
            },
            "options": Object {
              "firstWeekContainsDate": 1,
              "weekStartsOn": 0,
            },
          },
          "weekStartsOn": 0,
        }
      }
      dayDisplayFormat="d"
      direction="vertical"
      disabledDates={Array []}
      disabledDay={[Function]}
      displayMode="date"
      drag={
        Object {
          "disablePreview": false,
          "range": Object {
            "endDate": null,
            "startDate": null,
          },
          "status": false,
        }
      }
      dragSelectionEnabled={true}
      editableDateInputs={false}
      endDatePlaceholder="Continuous"
      fixedHeight={false}
      focusedRange={
        Array [
          0,
          0,
        ]
      }
      key="0"
      locale={
        Object {
          "code": "en-US",
          "formatDistance": [Function],
          "formatLong": Object {
            "date": [Function],
            "dateTime": [Function],
            "time": [Function],
          },
          "formatRelative": [Function],
          "localize": Object {
            "day": [Function],
            "dayPeriod": [Function],
            "era": [Function],
            "month": [Function],
            "ordinalNumber": [Function],
            "quarter": [Function],
          },
          "match": Object {
            "day": [Function],
            "dayPeriod": [Function],
            "era": [Function],
            "month": [Function],
            "ordinalNumber": [Function],
            "quarter": [Function],
          },
          "options": Object {
            "firstWeekContainsDate": 1,
            "weekStartsOn": 0,
          },
        }
      }
      maxDate={2041-10-17T11:38:00.056Z}
      minDate={1921-10-17T12:38:00.057Z}
      month={2021-09-30T22:00:00.000Z}
      monthDisplayFormat="MMM yyyy"
      months={1}
      onChange={[Function]}
      onDragSelectionEnd={[Function]}
      onDragSelectionMove={[Function]}
      onDragSelectionStart={[Function]}
      onMouseLeave={[Function]}
      onPreviewChange={[Function]}
      preventSnapRefocus={false}
      rangeColors={
        Array [
          "#3d91ff",
          "#3ecf8e",
          "#fed14c",
        ]
      }
      ranges={Array []}
      scroll={
        Object {
          "enabled": false,
        }
      }
      showDateDisplay={true}
      showMonthAndYearPickers={true}
      showMonthArrow={true}
      showMonthName={false}
      showPreview={true}
      showWeekDays={true}
      startDatePlaceholder="Early"
      styles={
        Object {
          "calendarWrapper": "rdrCalendarWrapper",
          "dateDisplay": "rdrDateDisplay",
          "dateDisplayItem": "rdrDateDisplayItem",
          "dateDisplayItemActive": "rdrDateDisplayItemActive",
          "dateDisplayWrapper": "rdrDateDisplayWrapper",
          "dateRangePickerWrapper": "rdrDateRangePickerWrapper",
          "dateRangeWrapper": "rdrDateRangeWrapper",
          "day": "rdrDay",
          "dayActive": "rdrDayActive",
          "dayDisabled": "rdrDayDisabled",
          "dayEndOfMonth": "rdrDayEndOfMonth",
          "dayEndOfWeek": "rdrDayEndOfWeek",
          "dayEndPreview": "rdrDayEndPreview",
          "dayHovered": "rdrDayHovered",
          "dayInPreview": "rdrDayInPreview",
          "dayNumber": "rdrDayNumber",
          "dayPassive": "rdrDayPassive",
          "daySelected": "rdrDaySelected",
          "dayStartOfMonth": "rdrDayStartOfMonth",
          "dayStartOfWeek": "rdrDayStartOfWeek",
          "dayStartPreview": "rdrDayStartPreview",
          "dayToday": "rdrDayToday",
          "dayWeekend": "rdrDayWeekend",
          "days": "rdrDays",
          "definedRangesWrapper": "rdrDefinedRangesWrapper",
          "endEdge": "rdrEndEdge",
          "inRange": "rdrInRange",
          "infiniteMonths": "rdrInfiniteMonths",
          "inputRange": "rdrInputRange",
          "inputRangeInput": "rdrInputRangeInput",
          "inputRangeLabel": "rdrInputRangeLabel",
          "inputRanges": "rdrInputRanges",
          "month": "rdrMonth",
          "monthAndYearDivider": "rdrMonthAndYearDivider",
          "monthAndYearPickers": "rdrMonthAndYearPickers",
          "monthAndYearWrapper": "rdrMonthAndYearWrapper",
          "monthName": "rdrMonthName",
          "monthPicker": "rdrMonthPicker",
          "months": "rdrMonths",
          "monthsHorizontal": "rdrMonthsHorizontal",
          "monthsVertical": "rdrMonthsVertical",
          "nextButton": "rdrNextButton",
          "nextPrevButton": "rdrNextPrevButton",
          "prevButton": "rdrPprevButton",
          "selected": "rdrSelected",
          "startEdge": "rdrStartEdge",
          "staticRange": "rdrStaticRange",
          "staticRangeLabel": "rdrStaticRangeLabel",
          "staticRangeSelected": "rdrStaticRangeSelected",
          "staticRanges": "rdrStaticRanges",
          "weekDay": "rdrWeekDay",
          "weekDays": "rdrWeekDays",
          "yearPicker": "rdrYearPicker",
        }
      }
      weekStartsOn={0}
      weekdayDisplayFormat="E"
    />
  </div>
</div>
`;
