// Jest Snapshot v1, https://goo.gl/fbAQLP

exports[`DefinedRange tests Should render dynamic static label contents correctly 1`] = `
<div
  className="rdrDefinedRangesWrapper"
>
  <div
    className="rdrStaticRanges"
  >
    <button
      className="rdrStaticRange"
      key="0"
      onClick={[Function]}
      onFocus={[Function]}
      onMouseLeave={[Function]}
      onMouseOver={[Function]}
      style={
        Object {
          "color": null,
        }
      }
      type="button"
    >
      <span
        className="rdrStaticRangeLabel"
        tabIndex={-1}
      >
        <i
          className="italic-label-content"
        >
          Italic Content
        </i>
      </span>
    </button>
    <button
      className="rdrStaticRange"
      key="1"
      onClick={[Function]}
      onFocus={[Function]}
      onMouseLeave={[Function]}
      onMouseOver={[Function]}
      style={
        Object {
          "color": null,
        }
      }
      type="button"
    >
      <span
        className="rdrStaticRangeLabel"
        tabIndex={-1}
      >
        Static Label
      </span>
    </button>
    <button
      className="rdrStaticRange"
      key="2"
      onClick={[Function]}
      onFocus={[Function]}
      onMouseLeave={[Function]}
      onMouseOver={[Function]}
      style={
        Object {
          "color": null,
        }
      }
      type="button"
    >
      <span
        className="rdrStaticRangeLabel"
        tabIndex={-1}
      >
        <img
          className="random-image"
        />
      </span>
    </button>
    <button
      className="rdrStaticRange"
      key="3"
      onClick={[Function]}
      onFocus={[Function]}
      onMouseLeave={[Function]}
      onMouseOver={[Function]}
      style={
        Object {
          "color": null,
        }
      }
      type="button"
    >
      <span
        className="rdrStaticRangeLabel"
        tabIndex={-1}
      >
        <b
          className="bold-label-content"
        >
          Bold Content
        </b>
      </span>
    </button>
  </div>
  <div
    className="rdrInputRanges"
  >
    <InputRangeField
      key="0"
      label="days up to today"
      onBlur={[Function]}
      onChange={[Function]}
      onFocus={[Function]}
      placeholder="-"
      styles={
        Object {
          "calendarWrapper": "rdrCalendarWrapper",
          "dateDisplay": "rdrDateDisplay",
          "dateDisplayItem": "rdrDateDisplayItem",
          "dateDisplayItemActive": "rdrDateDisplayItemActive",
          "dateDisplayWrapper": "rdrDateDisplayWrapper",
          "dateRangePickerWrapper": "rdrDateRangePickerWrapper",
          "dateRangeWrapper": "rdrDateRangeWrapper",
          "day": "rdrDay",
          "dayActive": "rdrDayActive",
          "dayDisabled": "rdrDayDisabled",
          "dayEndOfMonth": "rdrDayEndOfMonth",
          "dayEndOfWeek": "rdrDayEndOfWeek",
          "dayEndPreview": "rdrDayEndPreview",
          "dayHovered": "rdrDayHovered",
          "dayInPreview": "rdrDayInPreview",
          "dayNumber": "rdrDayNumber",
          "dayPassive": "rdrDayPassive",
          "daySelected": "rdrDaySelected",
          "dayStartOfMonth": "rdrDayStartOfMonth",
          "dayStartOfWeek": "rdrDayStartOfWeek",
          "dayStartPreview": "rdrDayStartPreview",
          "dayToday": "rdrDayToday",
          "dayWeekend": "rdrDayWeekend",
          "days": "rdrDays",
          "definedRangesWrapper": "rdrDefinedRangesWrapper",
          "endEdge": "rdrEndEdge",
          "inRange": "rdrInRange",
          "infiniteMonths": "rdrInfiniteMonths",
          "inputRange": "rdrInputRange",
          "inputRangeInput": "rdrInputRangeInput",
          "inputRanges": "rdrInputRanges",
          "month": "rdrMonth",
          "monthAndYearPickers": "rdrMonthAndYearPickers",
          "monthAndYearWrapper": "rdrMonthAndYearWrapper",
          "monthName": "rdrMonthName",
          "monthPicker": "rdrMonthPicker",
          "months": "rdrMonths",
          "monthsHorizontal": "rdrMonthsHorizontal",
          "monthsVertical": "rdrMonthsVertical",
          "nextButton": "rdrNextButton",
          "nextPrevButton": "rdrNextPrevButton",
          "prevButton": "rdrPprevButton",
          "selected": "rdrSelected",
          "startEdge": "rdrStartEdge",
          "staticRange": "rdrStaticRange",
          "staticRangeLabel": "rdrStaticRangeLabel",
          "staticRangeSelected": "rdrStaticRangeSelected",
          "staticRanges": "rdrStaticRanges",
          "weekDay": "rdrWeekDay",
          "weekDays": "rdrWeekDays",
          "yearPicker": "rdrYearPicker",
        }
      }
      value="-"
    />
    <InputRangeField
      key="1"
      label="days starting today"
      onBlur={[Function]}
      onChange={[Function]}
      onFocus={[Function]}
      placeholder="-"
      styles={
        Object {
          "calendarWrapper": "rdrCalendarWrapper",
          "dateDisplay": "rdrDateDisplay",
          "dateDisplayItem": "rdrDateDisplayItem",
          "dateDisplayItemActive": "rdrDateDisplayItemActive",
          "dateDisplayWrapper": "rdrDateDisplayWrapper",
          "dateRangePickerWrapper": "rdrDateRangePickerWrapper",
          "dateRangeWrapper": "rdrDateRangeWrapper",
          "day": "rdrDay",
          "dayActive": "rdrDayActive",
          "dayDisabled": "rdrDayDisabled",
          "dayEndOfMonth": "rdrDayEndOfMonth",
          "dayEndOfWeek": "rdrDayEndOfWeek",
          "dayEndPreview": "rdrDayEndPreview",
          "dayHovered": "rdrDayHovered",
          "dayInPreview": "rdrDayInPreview",
          "dayNumber": "rdrDayNumber",
          "dayPassive": "rdrDayPassive",
          "daySelected": "rdrDaySelected",
          "dayStartOfMonth": "rdrDayStartOfMonth",
          "dayStartOfWeek": "rdrDayStartOfWeek",
          "dayStartPreview": "rdrDayStartPreview",
          "dayToday": "rdrDayToday",
          "dayWeekend": "rdrDayWeekend",
          "days": "rdrDays",
          "definedRangesWrapper": "rdrDefinedRangesWrapper",
          "endEdge": "rdrEndEdge",
          "inRange": "rdrInRange",
          "infiniteMonths": "rdrInfiniteMonths",
          "inputRange": "rdrInputRange",
          "inputRangeInput": "rdrInputRangeInput",
          "inputRanges": "rdrInputRanges",
          "month": "rdrMonth",
          "monthAndYearPickers": "rdrMonthAndYearPickers",
          "monthAndYearWrapper": "rdrMonthAndYearWrapper",
          "monthName": "rdrMonthName",
          "monthPicker": "rdrMonthPicker",
          "months": "rdrMonths",
          "monthsHorizontal": "rdrMonthsHorizontal",
          "monthsVertical": "rdrMonthsVertical",
          "nextButton": "rdrNextButton",
          "nextPrevButton": "rdrNextPrevButton",
          "prevButton": "rdrPprevButton",
          "selected": "rdrSelected",
          "startEdge": "rdrStartEdge",
          "staticRange": "rdrStaticRange",
          "staticRangeLabel": "rdrStaticRangeLabel",
          "staticRangeSelected": "rdrStaticRangeSelected",
          "staticRanges": "rdrStaticRanges",
          "weekDay": "rdrWeekDay",
          "weekDays": "rdrWeekDays",
          "yearPicker": "rdrYearPicker",
        }
      }
      value="-"
    />
  </div>
</div>
`;
