// Jest Snapshot v1, https://goo.gl/fbAQLP

exports[`InputRangeField tests Should parse input value to number 1`] = `
<InputRangeField
  label="Input label"
  onBlur={[MockFunction]}
  onChange={
    [MockFunction] {
      "calls": Array [
        Array [
          3,
        ],
        Array [
          12,
        ],
        Array [
          0,
        ],
        Array [
          0,
        ],
        Array [
          0,
        ],
        Array [
          99999,
        ],
      ],
      "results": Array [
        Object {
          "type": "return",
          "value": undefined,
        },
        Object {
          "type": "return",
          "value": undefined,
        },
        Object {
          "type": "return",
          "value": undefined,
        },
        Object {
          "type": "return",
          "value": undefined,
        },
        Object {
          "type": "return",
          "value": undefined,
        },
        Object {
          "type": "return",
          "value": undefined,
        },
      ],
    }
  }
  onFocus={[MockFunction]}
  placeholder="-"
  styles={
    Object {
      "inputRange": "range",
      "inputRangeInput": "input",
      "inputRangeLabel": "label",
    }
  }
  value=""
>
  <div
    className="range"
  >
    <input
      className="input"
      max={99999}
      min={0}
      onBlur={[MockFunction]}
      onChange={[Function]}
      onFocus={[MockFunction]}
      placeholder="-"
      value=""
    />
    <span
      className="label"
    >
      Input label
    </span>
  </div>
</InputRangeField>
`;
